// Jest Snapshot v1, https://goo.gl/fbAQLP

exports[`<GameAddForm />  should be rendered 1`] = `null`;
